<?xml version="1.0" encoding="utf-8"?><testsuites name="pytest tests"><testsuite name="pytest" errors="0" failures="3" skipped="0" tests="12" time="1.259" timestamp="2025-12-13T00:28:08.989183-05:00" hostname="LAPTOP-M1FI1RHV"><testcase classname="tests.unit.test_kraken_determinism.TestKrakenDeterminism" name="test_lsm_deterministic_outputs_same_seed" time="0.045"><failure message="AssertionError: &#10;Arrays are not equal&#10;&#10;Mismatched elements: 5 / 5 (100%)&#10;Max absolute difference among violations: 0.00852868&#10;Max relative difference among violations: 8.31723681&#10; ACTUAL: array([0.005307, 0.007503, 0.01303 , 0.00664 , 0.012694])&#10; DESIRED: array([ 0.006396, -0.001025,  0.008724,  0.002914,  0.015785])">E   AssertionError: 
    Arrays are not equal
    
    Mismatched elements: 5 / 5 (100%)
    Max absolute difference among violations: 0.00852868
    Max relative difference among violations: 8.31723681
     ACTUAL: array([0.005307, 0.007503, 0.01303 , 0.00664 , 0.012694])
     DESIRED: array([ 0.006396, -0.001025,  0.008724,  0.002914,  0.015785])</failure></testcase><testcase classname="tests.unit.test_kraken_determinism.TestKrakenDeterminism" name="test_lsm_deterministic_outputs_different_seed" time="0.001" /><testcase classname="tests.unit.test_kraken_determinism.TestKrakenDeterminism" name="test_kraken_lnn_deterministic_processing" time="0.009"><failure message="AssertionError: &#10;Arrays are not equal&#10;&#10;Mismatched elements: 20 / 20 (100%)&#10;Max absolute difference among violations: 0.00640629&#10;Max relative difference among violations: 5.13201364&#10; ACTUAL: array([ 0.007091,  0.005922, -0.000826, -0.000428, -0.002211,  0.003665,&#10;        0.004574,  0.008508,  0.002946,  0.004603,  0.006263,  0.003042,&#10;        0.004914,  0.004794,  0.006011, -0.000253,  0.001415,  0.00184 ,&#10;        0.006204,  0.007278])&#10; DESIRED: array([0.007192, 0.005793, 0.005581, 0.003991, 0.003853, 0.006712,&#10;       0.006691, 0.007798, 0.008544, 0.006033, 0.008113, 0.003564,&#10;       0.001873, 0.005776, 0.004641, 0.002375, 0.00756 , 0.007048,&#10;       0.005695, 0.001187])">E   AssertionError: 
    Arrays are not equal
    
    Mismatched elements: 20 / 20 (100%)
    Max absolute difference among violations: 0.00640629
    Max relative difference among violations: 5.13201364
     ACTUAL: array([ 0.007091,  0.005922, -0.000826, -0.000428, -0.002211,  0.003665,
            0.004574,  0.008508,  0.002946,  0.004603,  0.006263,  0.003042,
            0.004914,  0.004794,  0.006011, -0.000253,  0.001415,  0.00184 ,
            0.006204,  0.007278])
     DESIRED: array([0.007192, 0.005793, 0.005581, 0.003991, 0.003853, 0.006712,
           0.006691, 0.007798, 0.008544, 0.006033, 0.008113, 0.003564,
           0.001873, 0.005776, 0.004641, 0.002375, 0.00756 , 0.007048,
           0.005695, 0.001187])</failure></testcase><testcase classname="tests.unit.test_kraken_determinism.TestKrakenDeterminism" name="test_kraken_lnn_deterministic_memory" time="0.013" /><testcase classname="tests.unit.test_kraken_determinism.TestKrakenDeterminism" name="test_lsm_reproducibility_across_initializations" time="0.001" /><testcase classname="tests.unit.test_kraken_determinism.TestKrakenDeterminism" name="test_reservoir_state_deterministic_evolution" time="0.001" /><testcase classname="tests.unit.test_kraken_determinism.TestKrakenDeterminism" name="test_deterministic_sequence_chunking" time="0.010" /><testcase classname="tests.unit.test_kraken_determinism.TestKrakenDeterminism" name="test_adaptive_weights_deterministic_updates" time="0.002" /><testcase classname="tests.unit.test_kraken_determinism.TestKrakenDeterminism" name="test_liquid_dynamics_deterministic_behavior" time="0.002"><failure message="AssertionError: &#10;Arrays are not equal&#10;&#10;Mismatched elements: 1 / 1 (100%)&#10;Max absolute difference among violations: 0.0024425&#10;Max relative difference among violations: 0.00559368&#10; ACTUAL: array(0.439096)&#10; DESIRED: array(0.436654)">E   AssertionError: 
    Arrays are not equal
    
    Mismatched elements: 1 / 1 (100%)
    Max absolute difference among violations: 0.0024425
    Max relative difference among violations: 0.00559368
     ACTUAL: array(0.439096)
     DESIRED: array(0.436654)</failure></testcase><testcase classname="tests.unit.test_kraken_determinism.TestKrakenDeterminism" name="test_deterministic_memory_consolidation" time="0.058" /><testcase classname="tests.unit.test_kraken_determinism.TestKrakenDeterminism" name="test_weight_initialization_determinism" time="0.001" /><testcase classname="tests.unit.test_kraken_determinism.TestKrakenDeterminism" name="test_noise_generation_determinism" time="0.001" /></testsuite></testsuites>